<testsuites name="Device Scanner">
</testsuites>